TCC docs=8077 R1 distinct=535 total=3675 | R2 distinct=565 total=1019
  R1
      283  No. 9-9                      s acknowledged by the Appellant, Appeal No. 2015-3387(IT)G, pertaining to
      195  A-9-9                        v. BCS Group Services Inc. appeal (file A-204-18). Signed at Ottawa,
       83  Q9-9                         ion Adjustment 2006/01/01 to 2006/03/31 Q1-06 $23,288.26 2006/07/
       79  Docket 9-9                   003 TCC 297. [15] Buchanan v The Queen, Docket 2000-1865-IT-I; aff’d 2002 FC
       65  Pages 9-9                    ery of the Appellant on March 11, 2010: Pages 66-67 – Q402-409 Examinat
       59  File 9-9                     Undertakings, July 19, 2001. [93] Court File 2014-3401(IT)G, Letter from t
       59  P-9-9                         '95 Fermes Fernand Cantin $490.00 A[9] P-1-95 A-3 and I-3 Me Jacq
       52  McCartie 9-9                 Breaches 8 (i) McCartie 2013 BCPC 221 (“McCartie 2013-1”) (3-day voir dire 
       48  Questions 9-9                was replaced, refurbished, or improved. Questions 1364-1366 and follow-up: Q136
       47  Tabs 9-9                     ] Ibid., lines 16-27. [22] Exhibit A-1, Tabs 37-38. [23] Exhibit A-1, 
       45  Hinks 9-9                    f Kenneth White 2007-4958(IT)G; Darrell Hinks 2007-4975(IT)G; Jeremy John 2
       45  McDonald 9-9                 T)G; Adam Drake 2007-4966(IT)G; Thierry McDonald 2007-4967(IT)G; John Quann 20
       41  Inc. 9-9                     evidence with the appeals of Young Tile Inc. 2011-3524(CPP) and Young Tile
       38  In 9-9                       rom what they know it to be . . . [124] In 2529-1915 Québec Inc. v. The 
       37  G 9-9                        019 TCC 66 COURT FILE NOS.: 2017-745(IT)G 2017-760(IT)G 2017-764(IT)G 
  R2
       57  supra, at paragraph          c. v. The Minister of National Revenue, supra, at paragraph 9. As our c
       28  [9]                          not agree, relying on Ludmer v. Canada, [13] (“Ludmer”
       25  [9] F.C.J                    he Regulations (see Sheridan v. M.N.R., [1985] F.C.J. no. 230 
       19  A-9-9, May 9,                c. v. The Minister of National Revenue, A-376-98, May 11, 1999, paragraph 10, (F.C.A.);
       14  [9] at paragraph              Canada Trustco Mortgage Co. v. Canada, [25] at paragraph 10 as follows: 10 It has
       13  [9] T.C.J                    t Hydraulic Consultants Ltd. v. Canada, [1998] T.C.J. no. 340 
       13  9-9                           2014 TCC 240 and Carlson v. The Queen, 2012-3063 (IT)I, un
       12  [9] Bowman J                 (n) until 2001. In Moulton v. The Queen,[6] Bowman J. set out 
       11  [9] 9                        ieboom v. Minister of National Revenue, [1992] 3. F.C. 488
       11  [9] Mr                       n preparer. [48] In Aridi v. The Queen, [3] Mr. Justice 
       10  9-9-UI, February 9,          c. v. The Minister of National Revenue, 97-1416-UI, February 26, 1999 (T.C.C.).
        9  9                            . Dominion of Canada General Insurance, 1994. [27] If 
        9  9TCC9                        n referred to was Yaskiel v. The Queen, 2005TCC640. 
        8  [9] the Federal               Queen v. Oxford Properties Group Inc., [15] the Federal Court of Appeal (the “FCA
        8  at paragraph 9               ee Canada v. Anchor Pointe Energy Ltd., at paragraph 2 and Hickman Motors Ltd. v. Canad
SST docs=17915 R1 distinct=260 total=160796 | R2 distinct=90 total=318
  R1
    92849  GD9-9                        s initial decision on February 5, 2010 (GD2-11 to GD2- 13). The le
    16427  AD-9-9                       ation 2017 SSTADIS 158 Reference number AD-16-785 Member Meredith Por
    16237  GE-9-9                       Canada Employment Insurance Commission, GE-16-1958, February 20, 2017,
    13089  A-9-9                        e 17 Pincombe v. Canada (A.G.), (1995), A-675-94 
     7699  AD9-9                        he hearing before the General Division (AD1-13). Given that the le
     4953  GP-9-9                       tation 2017 SSTGDIS 39 Reference number GP-16-2376 Member Connie Dyck 
     2269  GD 9-9                       and on August 1-2 for vertigo attacks. (GD 2-72 – GD 2-79) [3] This
     1585  GT9-9                         Appellant’s diagnoses and medications (GT1-169 to 170). The family
     1071  GD9-9-9                       to receive it as soon as he qualified (GD10-12-16). [12] On April 7, 
     1013  RGD9-9                       43 See ROE’s at pages GD3-19 to GD3-20; RGD4-4 to RGD4-6 and RGD6-
      467  ADN9-9                       Division decision, para. 55 Footnote 30 ADN2-12, para. 30 Footnote 
      444  IS9-9                        er , and J. S., the Claimant’s husband: IS3-14 to 20 Footnote 5 IS
      290  RA9-9                        otnotes Footnote 1 AD14-2 to AD14-3 and RA1-7 to RA1-8. Footnote 
      281  AD 9-9                       aimant’s letter dated June 28, 2024, at AD 7-6, at para 24. Footno
      224  GDJ9-9                        the appeal record. Footnote 3 See page GDJ8-120 of the appeal file.
  R2
       94  A-9-9                         31 Attorney General of Canada v. H.W., A-332-15 (April 4,
       31  9 SSTAD9                     Canada Employment Insurance Commission, 2015 SSTAD715), AD-14-1
       27  CP 9                         inister of Human Resources Development, CP 20466 (PAB), th
       12  A‑9‑9, December 9,            Attorney General of Canada v. Walford, A‑263‑78, December 5, 1978. At page 
       10  9                            of Human Resources Development CP20748, 2003). The App
        7  FCA A-9-9                     the EI Act (Attorney General v. Tjong, FCA A-672-95; Attorney
        6  page 9                       r of Employment and Social Development, page 20. Footnote
        6  FCA, A-9-9                   te 2 Her Majesty the Queen v. Dietrich, FCA, A-640-93. Footnote
        5  Footnote 9 the               nce as it saw fit. In Simpson v. Canada,Footnote 5 the Federal Court of Appeal held: [A]ss
        5  A-9-9 FCA                    07 FCA 372 Footnote 10 Canada v. Mills, A-1873-83 FCA Footnote 
        4  CP9                          inister of Human Resources Development, CP12886 (PAB), wh
        4  A‑9‑9                         (AG), A‑1037‑92; Morrison v. C.E.I.C., A‑209‑89). The Com
        4  Quebec Court of              ée c. Commission des normes du travail, Quebec Court of Appeal, March 15, 2004) (Exhibit
        3  June 9, 9,                   ational Health and Welfare v. Densmore, June 9, 1993, CP 2389 (PAB) [De
        3  Footnote 9 in                tte principles, such as Maunder v. MESD,Footnote 8 in which Janet Lew wrote: [12] From
FPSLREB docs=3380 R1 distinct=473 total=6682 | R2 distinct=150 total=680
  R1
     2869  No. 9-9-9                     Crawford v. Treasury Board, PSSRB File No. 168-02-37 (19731120), the Pub
      637  Nos. 9-9-9                   anada – Customs and Excise), PSSRB File Nos. 166-02-28332 and 28333 (19990819
      384  A-9-9                         dismissed. (2011 FCA 150) (Court File: A-277-10) Keywords Schedulin
      278  T-9-9                        l Court has been withdrawn (Court file: T-1334-09). Keywords Compensa
      246  EMP-9-9                      14 Citation 2021 FPSLREB 82 File Number EMP-2017-11058 Before Renaud Paque
      121  Local 9-9                    Valley Operations) v. United Steelworks Local 1-207 (Greaves Grievance)
      121  File 9-9-9                   nsion imposed on him by the respondent (File 566-02-3226). On July 31, 2009,
       87  Files 9-9-9                  he Board’s decision in respect of PSLRB Files 547-02-4 to 547-02-06, dated
       51  May 9-9                      vember 1, 20-22, 2006 January 9-11, 16; May 28-30; June 4-7; Septembe
       50  CD 9-9                        observing the search. This contravenes CD 566-7 – Searching of Inma
       44  No. 9-9                      Service Alliance of Canada), PSSRB File No. 100-1 (19920331); Martel 
       43  In 9-9                       r cannot begin with a negative balance. In 2005-2006, the grievor took m
       42  Directive 9-9                 June 6, 2002 version of Commissioner’s Directive 254-1 (the CSC’s smoking 
       40  No 9-9-9                     orrectional Service Canada), PSSRB File No 166-2-27445 (19970922); and Sch
       38  June 9-9                     ation and Refugee Board et al. Hearing: June 19-20, 2008 Toronto, ON D
  R2
      392  Local 9                      Ltd. v. Canadian Brewery Workers Union, Local 304 (1980), 2
       20  Local 9,                      v. Canadian Union of Public Employees, Local 4705, (2003) 11
       15  Local 9-9                    Inc. v. United Steelworkers of America, Local 13571-7 (2005), 1
        8  Locals 9, 9                  nada) Limited v. Canadian Auto Workers, Locals 4215, 144 and 4278 (2004), 1
        7  [9] CIRB no                   in Wilson v. ADM Agri-industries Ltd., [2000] CIRB no. 99, as c
        6  9 di 9                        ” (Latrémouille v. Union des Artistes, 50 di 197; citing G
        6  9-9-9                        blic Service Alliance of Canada et al., 161-02-687 (1993) (Q
        6  dated June 9,                2004 12. Greg Jones v. Treasury Board , dated June 3, 2005 13. Robert B
        5  at page 9],                  . Public Service Staff Relations Board, at page 100], and approved by de Grandpre J. in hi
        5  Local P9                     d. v. Canadian Food and Allied Workers, Local P139 (1980), 2
        5  Local 9, PSSRB               ited Food and Commercial Workers Union, Local 864, PSSRB File No. 125-18-7
        5  at para 9                    man Rights Commission v. Simpson Sears, at para 28). 48 It i
        4  Local 9, [9]                 ongshoremen’s and Warehousemen’s Union, Local 500, [1993] CLRB no. 1029. 23
        4  dated 9 9                    arois and A. Hubert v. Treasury Board , dated 2004 5. Sharon R
        4  dated May 9,                 mployees Association v. Treasury Board, dated May 19, 1999 (PSSRB Fi
CITT docs=5342 R1 distinct=435 total=80930 | R2 distinct=100 total=188
  R1
    15916  PR-9-9                       lication Date 2009-06-11 Case Number(s) PR-2009-010 Case Type Decision 
    15120  AP-9-9                        Border Services Agency (8 March 2019), AP-2017-052 (CITT). [75] Exhibi
     9640  NQ-9-9                        Grain Corn (7 March 2001), Inquiry No. NQ-2000-005 (CITT). [ Table of 
     8647  RR-9-9                       overed in the current CITT order number RR-2004-008, namely, snowmobile
     6073  PR-9-9-9                     9-080 to PR-2009-087). Tribunal Exhibit PR-2009-080-09, Administrative Rec
     5050  RR-9-9-9                     scinds the finding. 1. Tribunal exhibit RR-91-002-25 (Protected). [ Tabl
     4759  NQ-9-9-9                     easons, July 28, 1999, Tribunal Exhibit NQ-99-001-4, Administrative Rec
     2636  AP-9-9-9                      Ibid. at 48, 58. 14 . Tribunal Exhibit AP-2011-054-01 at 3. 15 . Transcri
     2410  PI-9-9-9                     ppey Frédéric Seppey Member [1] Exhibit PI-2024-002-02.01. [2] R.S.C., 198
     1021  PI-9-9                       lication Date 2003-12-17 Case Number(s) PI-2003-003 Case Type Order PI-
      775  TR-9-9                       lication Date 1996-08-28 Case Number(s) TR-94-020 Case Type Recommend
      639  EP-9-9                       Standing Offer (RFSO) (Solicitation No. EP-803-183135/G) by the Departmen
      609  WT/DS9                       36/345 at para. 5.26. 69 . EC—Asbestos, WT/DS135/AB/R, Appellate Bod
      488  GC-9-9                       . 4–5; Gypsum Board (January 19, 2017), GC-2016-001 (CITT), para. 37. G
      423  W9-9                          (PWGSC), in regard to Solicitation No. W8472-085129/A for fire control 
  R2
       12  [9] the Tribunal             s Inc. v. Department of the Environment,[18] the Tribunal confirmed that it “. . . will
       12  AP-9-9 and AP-9-9            NATIONAL REVENUE Appeal Nos. AP-97-048, AP-97-081 and AP-97-082 TABLE OF 
        9  9 the Tribunal               of Public Works and Government Services,25 the Tribunal stated as follows: 51. . . .
        7  [9]                           Canadian International Trade Tribunal, [62] [d]espite
        7  AP-9-9                       t of the Canada Border Services Agency, AP-2009-072 (15 Febru
        6  9 which reads                anadian Telephone Employees Association,10 which reads as follows: [W]hat wo
        6  9 where the                  nt of the Canada Border Services Agency,19 where the Tribunal explained that it is “. . . 
        6  [9] Mr                       ision of Rex v. Gooderham & Worts Ltd., [4] Mr. Justice 
        4  unreported, F.C.A., July     neral of Canada v. Royden Young et al., unreported, F.C.A., July 31, 1989, Court No. A-978
        4  AP-9-9, AP-9-9 and           NATIONAL REVENUE Appeal Nos. AP-97-017, AP-97-053, AP-97-102 and AP-97-118 TABLE OF 
        4  [9-9] C.T.C                  s Majesty the King v. Leon L. Plotkins, [1938-39] C.T.C. 138 (Ex.
        3  9 in which                   RK Fasteners v. Leland Industries Inc., 14 in which it stated: . . . [8]
        3  the Tribunal stated          f Public Works and Government Services, the Tribunal stated the following:[29] The Tribu
        3  [9] in which                 ego International Inc. v. Deputy M.N.R.,[16] in which the Tribunal opined that “. . . a to
        2  A-9-9                        ot valid. 1 . Xwave Solutions v. PWGSC, A-668-00 (F.C.A.).
